Apr 17 13:38:51 rhel9host1 shutdown[2539]: Failed to shutdown
Apr 17 13:39:12 rhel9host1 reboot[2540]: Failed to reboot
Apr 17 13:41:15 rhel9host1 reboot[2552]: Failed to reboot
Apr 17 13:41:31 rhel9host1 shutdown[2553]: Failed to shutdown
Apr 17 13:41:35 rhel9host1 error[2555]: Failed
Apr 17 13:44:22 rhel9host1 error[2590]: muruga failed to login
Apr 17 13:46:03 rhel9host1 error[2591]: Failed
Apr 17 13:46:05 rhel9host1 shutdown[2592]: Failed to shutdown
Apr 17 13:46:09 rhel9host1 reboot[2593]: Failed to reboot
Apr 17 13:47:44 rhel9host1 shutdown[2604]: Failed to shutdown
Apr 17 13:47:47 rhel9host1 error[2605]: Failed
Apr 17 13:47:49 rhel9host1 reboot[2606]: Failed to reboot
Apr 17 13:47:53 rhel9host1 error[2607]: Failed
Apr 17 13:49:45 rhel9host1 reboot[2621]: Failed to reboot
Apr 17 13:49:47 rhel9host1 error[2622]: Failed
Apr 17 13:49:49 rhel9host1 shutdown[2623]: Failed to shutdown
Apr 17 13:55:53 rhel9host1 error[2778]: Failed to login
Apr 17 13:56:11 rhel9host1 shutdown[2780]: Failed to shutdown
Apr 17 13:56:26 rhel9host1 reboot[2781]: Failed to reboot
Apr 17 15:54:59 rhel9host1 cupsd[776]: REQUEST localhost - - "POST / HTTP/1.1" 200 182 Renew-Subscription client-error-not-found
Apr 17 17:36:37 rhel9host1 cupsd[776]: REQUEST localhost - - "POST / HTTP/1.1" 200 182 Renew-Subscription client-error-not-found
Apr 17 17:36:37 rhel9host1 journal[1582]: Error setting property 'PowerSaveMode' on interface org.gnome.Mutter.DisplayConfig: Timeout was reached (g-io-error-quark, 24)
Apr 17 17:36:37 rhel9host1 journal[970]: Could not release device (13,64): GDBus.Error:org.freedesktop.DBus.Error.ServiceUnknown: The name is not activatable
Apr 17 17:36:37 rhel9host1 journal[970]: Could not release device (13,65): GDBus.Error:org.freedesktop.DBus.Error.ServiceUnknown: The name is not activatable
Apr 17 17:36:37 rhel9host1 journal[970]: Could not release device (13,68): GDBus.Error:org.freedesktop.DBus.Error.ServiceUnknown: The name is not activatable
Apr 17 17:36:37 rhel9host1 journal[970]: Could not release device (13,66): GDBus.Error:org.freedesktop.DBus.Error.ServiceUnknown: The name is not activatable
Apr 17 17:36:37 rhel9host1 journal[970]: Could not release device (13,67): GDBus.Error:org.freedesktop.DBus.Error.ServiceUnknown: The name is not activatable
Apr 17 17:36:37 rhel9host1 gnome-session[3117]: gnome-session-binary[3117]: WARNING: Failed to upload environment to systemd: GDBus.Error:org.freedesktop.DBus.Error.NameHasNoOwner: Name "org.freedesktop.systemd1" does not exist
Apr 17 17:36:37 rhel9host1 gnome-session-binary[3117]: WARNING: Failed to upload environment to systemd: GDBus.Error:org.freedesktop.DBus.Error.NameHasNoOwner: Name "org.freedesktop.systemd1" does not exist
Apr 17 17:36:37 rhel9host1 gnome-session[3117]: gnome-session-binary[3117]: WARNING: Failed to reset failed state of units: GDBus.Error:org.freedesktop.DBus.Error.NameHasNoOwner: Name "org.freedesktop.systemd1" does not exist
Apr 17 17:36:37 rhel9host1 gnome-session[3117]: gnome-session-binary[3117]: WARNING: Falling back to non-systemd startup procedure due to error: GDBus.Error:org.freedesktop.DBus.Error.NameHasNoOwner: Name "org.freedesktop.systemd1" does not exist
Apr 17 17:36:37 rhel9host1 gnome-session-binary[3117]: WARNING: Failed to reset failed state of units: GDBus.Error:org.freedesktop.DBus.Error.NameHasNoOwner: Name "org.freedesktop.systemd1" does not exist
Apr 17 17:36:37 rhel9host1 gnome-session-binary[3117]: WARNING: Falling back to non-systemd startup procedure due to error: GDBus.Error:org.freedesktop.DBus.Error.NameHasNoOwner: Name "org.freedesktop.systemd1" does not exist
Apr 17 17:36:43 rhel9host1 journal[3137]: Error looking up permission: GDBus.Error:org.freedesktop.portal.Error.NotFound: No entry for geolocation
Apr 17 17:36:43 rhel9host1 journal[3312]: Failed to StopUnit service: GDBus.Error:org.freedesktop.DBus.Error.Spawn.ChildExited: Process org.freedesktop.systemd1 exited with status 1
Apr 17 17:36:43 rhel9host1 journal[3312]: Failed to StopUnit service: GDBus.Error:org.freedesktop.DBus.Error.Spawn.ChildExited: Process o